// Jest Snapshot v1, https://goo.gl/fbAQLP

exports[`should start with a list of playlists 1`] = `
<div
  className="root"
>
  <div
    className="MuiGrid-root gridContainer MuiGrid-container"
  >
    <div
      className="MuiGrid-root MuiGrid-item MuiGrid-grid-xs-4"
      style={
        Object {
          "height": 684,
          "width": 940,
        }
      }
    />
    <div
      className="MuiGrid-root MuiGrid-item MuiGrid-grid-xs-4"
      style={
        Object {
          "height": 684,
          "width": 940,
        }
      }
    >
      <div
        className="numTracksWrapper"
      >
        <p
          className="MuiTypography-root playlistsAvailable MuiTypography-body1"
        >
          0 playlists available
        </p>
      </div>
    </div>
    <div
      className="MuiGrid-root MuiGrid-item MuiGrid-grid-xs-4"
      onClick={[Function]}
      style={
        Object {
          "height": 684,
          "width": 940,
        }
      }
    />
  </div>
</div>
`;
